// Jest Snapshot v1, https://goo.gl/fbAQLP

exports[`Pruebas en componente GifGridItem. debe de hacer match con el snapshot. 1`] = `
<div
  className="card animate__animated animate__fadeIn"
>
  <img
    alt="Soy un título"
    src="https://localhost:8080"
  />
  <p>
    Soy un título
  </p>
</div>
`;
